A51 MACRO ASSEMBLER  NEWPASS                                                              01/14/2016 13:36:28 PAGE     1


MACRO ASSEMBLER A51 V8.02c
OBJECT MODULE PLACED IN .\Objects\newpass.obj
ASSEMBLER INVOKED BY: C:\Keil_v5\C51\BIN\A51.EXE newpass.a51 SET(SMALL) DEBUG PRINT(.\Listings\newpass.lst) OBJECT(.\Obj
                      ects\newpass.obj) EP

LOC  OBJ            LINE     SOURCE

                       1             NAME NEWPASS
                       2             PUBLIC INICIOPASS1
                       3             NEWPASS SEGMENT CODE 
----                   4             RSEG NEWPASS
0000 8000              5             JMP INICIOPASS1
                       6                     
                       7             EXTRN CODE (INICIOREAD)
                       8             EXTRN CODE (INICIOWAIT)
                       9             EXTRN CODE (INICIODISPLAY)
                      10             EXTRN DATA (COD3)
                      11                     
                      12     
                      13     
0002                  14     INICIOPASS1:
0002 7800     F       15             MOV R0,#COD3
0004 7A04             16             MOV R2,#4
0006 E8               17             MOV A,R0
0007 F9               18             MOV R1,A
                      19             USING 0
0008 C001             20             PUSH AR1
000A 780D             21             MOV R0,#13
000C 120000   F       22             LCALL INICIODISPLAY
000F 7803             23             MOV R0,#3
0011 120000   F       24             LCALL INICIOWAIT
0014 D001             25             POP AR1
0016                  26     INICIO:
                      27             USING 0
0016 C001             28             PUSH AR1
                      29             USING 0
0018 C002             30             PUSH AR2
001A 120000   F       31             LCALL INICIOREAD
001D D002             32             POP AR2
001F D001             33             POP AR1
0021 E8               34             MOV A,R0
0022 F7               35             MOV @R1,A
0023 09               36             INC R1
0024 DAF0             37             DJNZ R2,INICIO
0026                  38     FIM:
0026 780E             39             MOV R0,#14
0028 120000   F       40             LCALL INICIODISPLAY
002B 7803             41             MOV R0,#3
002D 120000   F       42             LCALL INICIOWAIT
0030 22               43             RET
                      44             END
A51 MACRO ASSEMBLER  NEWPASS                                                              01/14/2016 13:36:28 PAGE     2

SYMBOL TABLE LISTING
------ ----- -------


N A M E             T Y P E  V A L U E   ATTRIBUTES

AR1. . . . . . . .  D ADDR   0001H   A   
AR2. . . . . . . .  D ADDR   0002H   A   
COD3 . . . . . . .  D ADDR   -----       EXT
FIM. . . . . . . .  C ADDR   0026H   R   SEG=NEWPASS
INICIO . . . . . .  C ADDR   0016H   R   SEG=NEWPASS
INICIODISPLAY. . .  C ADDR   -----       EXT
INICIOPASS1. . . .  C ADDR   0002H   R   SEG=NEWPASS
INICIOREAD . . . .  C ADDR   -----       EXT
INICIOWAIT . . . .  C ADDR   -----       EXT
NEWPASS. . . . . .  C SEG    0031H       REL=UNIT


REGISTER BANK(S) USED: 0 


ASSEMBLY COMPLETE.  0 WARNING(S), 0 ERROR(S)
