A51 MACRO ASSEMBLER  NEWPASS                                                              02/03/2016 17:11:53 PAGE     1


MACRO ASSEMBLER A51 V8.02c
OBJECT MODULE PLACED IN .\Objects\newpass.obj
ASSEMBLER INVOKED BY: C:\Keil_v5\C51\BIN\A51.EXE newpass.a51 SET(SMALL) DEBUG PRINT(.\Listings\newpass.lst) OBJECT(.\Obj
                      ects\newpass.obj) EP

LOC  OBJ            LINE     SOURCE

                       1     
                       2     
                       3             
                       4             NAME NEWPASS
                       5             PUBLIC INICIOPASS1
                       6             NEWPASS SEGMENT CODE 
----                   7             RSEG NEWPASS
0000 8000              8             JMP INICIOPASS1
                       9                     
                      10             EXTRN CODE (INICIOREAD)
                      11             EXTRN CODE (INICIOWAIT)
                      12             EXTRN CODE (INICIODISPLAY)
                      13             
                      14             EXTRN DATA (COD3)
                      15             EXTRN DATA (LER)
                      16             EXTRN DATA (TRINCO)
                      17                     
                      18     
                      19     
0002                  20     INICIOPASS1:
0002 BE0004           21             CJNE R6,#0,NOVA
0005 7800     F       22             MOV R0,#LER
0007 8007             23             JMP INTRODUZ
0009                  24     NOVA:
0009 AF00     F       25             MOV R7,TRINCO
000B BF0144           26             CJNE R7,#1, FIMNP2
000E 7800     F       27             MOV R0,#COD3
0010                  28     INTRODUZ:
0010 7A04             29             MOV R2,#4
0012 E8               30             MOV A,R0
0013 F9               31             MOV R1,A
                      32             USING 0
0014 C001             33             PUSH AR1
0016 780D             34             MOV R0,#13
0018 120000   F       35             LCALL INICIODISPLAY
001B 7803             36             MOV R0,#3
001D 120000   F       37             LCALL INICIOWAIT
0020 D001             38             POP AR1
0022 758920           39             MOV TMOD,#20H
0025 758DFD           40             MOV TH1,#0FDH
0028 759850           41             MOV SCON,#50H
                      42             
002B D28E             43             SETB TR1
002D                  44     INICIO:
                      45             USING 0
002D C001             46             PUSH AR1
                      47             USING 0
002F C002             48             PUSH AR2
0031 3098FD           49             JNB RI,$
0034 C298             50             CLR RI
0036 E599             51             MOV A,SBUF
0038 9430             52             SUBB A,#30H
003A F599             53             MOV SBUF,A
003C 3099FD           54             JNB TI,$
003F C299             55             CLR TI
0041 D002             56             POP AR2
0043 D001             57             POP AR1
A51 MACRO ASSEMBLER  NEWPASS                                                              02/03/2016 17:11:53 PAGE     2

0045 F7               58             MOV @R1,A
0046 09               59             INC R1
0047 DAE4             60             DJNZ R2,INICIO
0049 C28E             61             CLR TR1
                      62             
004B                  63     FIMNP:
004B 780E             64             MOV R0,#14
004D 120000   F       65             LCALL INICIODISPLAY
0050 8005             66             JMP FIMNP3
0052                  67     FIMNP2:
0052 780F             68             MOV R0,#15
0054 120000   F       69             CALL INICIODISPLAY
0057                  70     FIMNP3: 
0057 7803             71             MOV R0,#3
0059 120000   F       72             LCALL INICIOWAIT
005C 22               73             RET
                      74             END
A51 MACRO ASSEMBLER  NEWPASS                                                              02/03/2016 17:11:53 PAGE     3

SYMBOL TABLE LISTING
------ ----- -------


N A M E             T Y P E  V A L U E   ATTRIBUTES

AR1. . . . . . . .  D ADDR   0001H   A   
AR2. . . . . . . .  D ADDR   0002H   A   
COD3 . . . . . . .  D ADDR   -----       EXT
FIMNP. . . . . . .  C ADDR   004BH   R   SEG=NEWPASS
FIMNP2 . . . . . .  C ADDR   0052H   R   SEG=NEWPASS
FIMNP3 . . . . . .  C ADDR   0057H   R   SEG=NEWPASS
INICIO . . . . . .  C ADDR   002DH   R   SEG=NEWPASS
INICIODISPLAY. . .  C ADDR   -----       EXT
INICIOPASS1. . . .  C ADDR   0002H   R   SEG=NEWPASS
INICIOREAD . . . .  C ADDR   -----       EXT
INICIOWAIT . . . .  C ADDR   -----       EXT
INTRODUZ . . . . .  C ADDR   0010H   R   SEG=NEWPASS
LER. . . . . . . .  D ADDR   -----       EXT
NEWPASS. . . . . .  C SEG    005DH       REL=UNIT
NOVA . . . . . . .  C ADDR   0009H   R   SEG=NEWPASS
RI . . . . . . . .  B ADDR   0098H.0 A   
SBUF . . . . . . .  D ADDR   0099H   A   
SCON . . . . . . .  D ADDR   0098H   A   
TH1. . . . . . . .  D ADDR   008DH   A   
TI . . . . . . . .  B ADDR   0098H.1 A   
TMOD . . . . . . .  D ADDR   0089H   A   
TR1. . . . . . . .  B ADDR   0088H.6 A   
TRINCO . . . . . .  D ADDR   -----       EXT


REGISTER BANK(S) USED: 0 


ASSEMBLY COMPLETE.  0 WARNING(S), 0 ERROR(S)
