A51 MACRO ASSEMBLER  H2A                                                                  11/23/2013 17:46:16 PAGE     1


MACRO ASSEMBLER A51 V8.02b
OBJECT MODULE PLACED IN h2a.OBJ
ASSEMBLER INVOKED BY: C:\Keil\C51\BIN\A51.EXE h2a.a51 SET(SMALL) DEBUG EP

LOC  OBJ            LINE     SOURCE

                       1             NAME    H2A
                       2             
                       3             PUBLIC  INICIOH2A
                       4             
                       5             H2ACODE SEGMENT CODE    ;Declara segmento
----                   6             RSEG    H2ACODE                 ;Seleciona o segmento
                       7             ; Rotina de converte dígito hexadecimal armazenado
                       8             ;no endereço de memória apontado por R0 para ASCII
0000                   9     INICIOH2A:
                      10             ;BA1: Bloco de atribuição 1                                             
0000 E6               11                     MOV A, @R0
0001 C3               12                     CLR C                           
0002 940A             13                     SUBB    A,#10           
                      14                     
                      15                     ;BD1: Bloco de decisão 1                                        
0004 4006             16                     JC BA3_NAO                      
                      17                     ;Carry é 0, logo é letra porque A>=0
                      18                     ;BA2_SIM: Bloco de atribuiçao 2                                 
                      19                                                             
0006 2441             20                     ADD A,#'A'                      
0008 F5F0             21                     MOV B,A                         
000A 8006             22                     JMP FIMH2A                      
                      23                     
                      24                     ;BA3_NAO: Bloco de atribuição 3                                 
000C                  25     BA3_NAO:
000C 240A             26                     ADD A,#10                       
000E 2430             27                     ADD A,#'0'                      
0010 F5F0             28                     MOV B,A                         
0012                  29     FIMH2A:
0012 22               30                     RET                                     
                      31                     
                      32     END
A51 MACRO ASSEMBLER  H2A                                                                  11/23/2013 17:46:16 PAGE     2

SYMBOL TABLE LISTING
------ ----- -------


N A M E             T Y P E  V A L U E   ATTRIBUTES

B. . . . . . . . .  D ADDR   00F0H   A   
BA3_NAO. . . . . .  C ADDR   000CH   R   SEG=H2ACODE
FIMH2A . . . . . .  C ADDR   0012H   R   SEG=H2ACODE
H2A. . . . . . . .  N NUMB   -----       
H2ACODE. . . . . .  C SEG    0013H       REL=UNIT
INICIOH2A. . . . .  C ADDR   0000H   R   SEG=H2ACODE


REGISTER BANK(S) USED: 0 


ASSEMBLY COMPLETE.  0 WARNING(S), 0 ERROR(S)
