A51 MACRO ASSEMBLER  MAIN                                                                 12/27/2015 13:14:12 PAGE     1


MACRO ASSEMBLER A51 V8.02c
OBJECT MODULE PLACED IN .\Objects\main.obj
ASSEMBLER INVOKED BY: C:\Keil_v5\C51\BIN\A51.EXE main.a51 SET(SMALL) DEBUG PRINT(.\Listings\main.lst) OBJECT(.\Objects\m
                      ain.obj) EP

LOC  OBJ            LINE     SOURCE

                       1     $nomod51 
                       2     ;#include <89c51ic2.inc>
                +1     3  +1 $save     
                +1   204  +1 $restore 
                     205     
                     206     
                     207     EXTRN CODE (INICIOWAIT)
                     208     EXTRN CODE (INICIODISPLAY)
                     209     EXTRN CODE (INICIOCHECK)
                     210     EXTRN CODE (INICIOREAD)
                     211     EXTRN CODE (INICIOPASS1)
                     212     EXTRN CODE (INICIOPASS)
                     213             
----                 214             DSEG AT 30H
0030                 215     LER: DS 4
----                 216             CSEG AT 4FH
004F 01020304        217     COD: DB 1,2,3,4
----                 218             DSEG AT 40H
0040                 219     COD1:DS 4
                     220     
----                 221             CSEG AT 0H
0000                 222     COPY:
0000 7B04            223             MOV R3,#4
0002 7840            224             MOV R0,#COD1
0004 90004F          225             MOV DPTR,#COD
0007                 226     CPY:
0007 E4              227             CLR A
0008 93              228             MOVC A,@A+DPTR
0009 F6              229             MOV @R0,A
000A A3              230             INC DPTR
000B 08              231             INC R0
000C DBF9            232             DJNZ R3,CPY
000E 7B03            233             MOV R3,#3
                     234             
                     235             
0010                 236     INICIO:
0010 7830            237             MOV R0,#LER
0012                 238     MAIN:
0012 120000   F      239             LCALL INICIOPASS
0015 B80002          240             CJNE R0,#0,TESTE1
0018 802E            241             JMP FIM2
                     242             
                     243     
001A                 244     TESTE1:
001A 7830            245             MOV R0,#LER
001C 7940            246             MOV R1,#COD1
001E 120000   F      247             LCALL INICIOCHECK
0021 E8              248             MOV A,R0
0022 7014            249             JNZ TRUE
0024                 250     FALSE:
0024 780B            251             MOV R0,#11
0026 DB14            252             DJNZ R3,FIM
0028 120000   F      253             LCALL INICIODISPLAY
002B 7B03            254             MOV R3,#3
                     255             USING 0
002D C000            256             PUSH AR0
002F 780F            257             MOV R0,#15
A51 MACRO ASSEMBLER  MAIN                                                                 12/27/2015 13:14:12 PAGE     2

0031 120000   F      258             LCALL INICIOWAIT
0034 D000            259             POP AR0
0036 8010            260             JMP FIM2        
                     261             
0038                 262     TRUE:
0038 780C            263             MOV R0,#12  
003A 7B03            264             MOV R3,#3       
                     265     
003C                 266     FIM:    
003C 120000   F      267             LCALL INICIODISPLAY
                     268             USING 0
003F C000            269             PUSH AR0
0041 7803            270             MOV R0,#3
0043 120000   F      271             LCALL INICIOWAIT
0046 D000            272             POP AR0
                     273             
0048                 274     FIM2:
0048 780A            275             MOV R0,#10
004A 120000   F      276             LCALL INICIODISPLAY
004D 80C1            277             JMP INICIO
                     278     
004F                 279     FALSO:
                     280             
                     281     
                     282             
                     283     END
                                     
A51 MACRO ASSEMBLER  MAIN                                                                 12/27/2015 13:14:12 PAGE     3

SYMBOL TABLE LISTING
------ ----- -------


N A M E             T Y P E  V A L U E   ATTRIBUTES

AC . . . . . . . .  B ADDR   00D0H.6 A   
ACC. . . . . . . .  D ADDR   00E0H   A   
AR0. . . . . . . .  D ADDR   0000H   A   
AUXR . . . . . . .  D ADDR   008EH   A   
AUXR1. . . . . . .  D ADDR   00A2H   A   
B. . . . . . . . .  D ADDR   00F0H   A   
BDRCON . . . . . .  D ADDR   009BH   A   
BRL. . . . . . . .  D ADDR   009AH   A   
CCAP0H . . . . . .  D ADDR   00FAH   A   
CCAP0L . . . . . .  D ADDR   00EAH   A   
CCAP1H . . . . . .  D ADDR   00FBH   A   
CCAP1L . . . . . .  D ADDR   00EBH   A   
CCAP2H . . . . . .  D ADDR   00FCH   A   
CCAP2L . . . . . .  D ADDR   00ECH   A   
CCAP3H . . . . . .  D ADDR   00FDH   A   
CCAP3L . . . . . .  D ADDR   00EDH   A   
CCAP4H . . . . . .  D ADDR   00FEH   A   
CCAP4L . . . . . .  D ADDR   00EEH   A   
CCAPM0 . . . . . .  D ADDR   00DAH   A   
CCAPM1 . . . . . .  D ADDR   00DBH   A   
CCAPM2 . . . . . .  D ADDR   00DCH   A   
CCAPM3 . . . . . .  D ADDR   00DDH   A   
CCAPM4 . . . . . .  D ADDR   00DEH   A   
CCF0 . . . . . . .  D ADDR   00D8H   A   
CCF1 . . . . . . .  D ADDR   00D9H   A   
CCF2 . . . . . . .  D ADDR   00DAH   A   
CCF3 . . . . . . .  D ADDR   00DBH   A   
CCF4 . . . . . . .  D ADDR   00DCH   A   
CCON . . . . . . .  D ADDR   00D8H   A   
CF . . . . . . . .  D ADDR   00DFH   A   
CH . . . . . . . .  D ADDR   00F9H   A   
CKCON0 . . . . . .  D ADDR   008FH   A   
CKCON1 . . . . . .  D ADDR   00AFH   A   
CKRL . . . . . . .  D ADDR   0096H   A   
CKSEL. . . . . . .  D ADDR   0085H   A   
CL . . . . . . . .  D ADDR   00E9H   A   
CMOD . . . . . . .  D ADDR   00D9H   A   
COD. . . . . . . .  C ADDR   004FH   A   
COD1 . . . . . . .  D ADDR   0040H   A   
COPY . . . . . . .  C ADDR   0000H   A   
CPY. . . . . . . .  C ADDR   0007H   A   
CP_RL2 . . . . . .  B ADDR   00C8H.0 A   
CR . . . . . . . .  D ADDR   00DEH   A   
CY . . . . . . . .  B ADDR   00D0H.7 A   
C_T2 . . . . . . .  B ADDR   00C8H.1 A   
DPH. . . . . . . .  D ADDR   0083H   A   
DPL. . . . . . . .  D ADDR   0082H   A   
EA . . . . . . . .  B ADDR   00A8H.7 A   
EC . . . . . . . .  B ADDR   00A8H.6 A   
ES . . . . . . . .  B ADDR   00A8H.4 A   
ET0. . . . . . . .  B ADDR   00A8H.1 A   
ET1. . . . . . . .  B ADDR   00A8H.3 A   
ET2. . . . . . . .  B ADDR   00A8H.5 A   
EX0. . . . . . . .  B ADDR   00A8H.0 A   
EX1. . . . . . . .  B ADDR   00A8H.2 A   
EXEN2. . . . . . .  B ADDR   00C8H.3 A   
EXF2 . . . . . . .  B ADDR   00C8H.6 A   
F0 . . . . . . . .  B ADDR   00D0H.5 A   
FALSE. . . . . . .  C ADDR   0024H   A   
FALSO. . . . . . .  C ADDR   004FH   A   
A51 MACRO ASSEMBLER  MAIN                                                                 12/27/2015 13:14:12 PAGE     4

FCON . . . . . . .  D ADDR   00D1H   A   
FIM. . . . . . . .  C ADDR   003CH   A   
FIM2 . . . . . . .  C ADDR   0048H   A   
IE0. . . . . . . .  B ADDR   0088H.1 A   
IE1. . . . . . . .  B ADDR   0088H.3 A   
IEN0 . . . . . . .  D ADDR   00A8H   A   
IEN1 . . . . . . .  D ADDR   00B1H   A   
INICIO . . . . . .  C ADDR   0010H   A   
INICIOCHECK. . . .  C ADDR   -----       EXT
INICIODISPLAY. . .  C ADDR   -----       EXT
INICIOPASS . . . .  C ADDR   -----       EXT
INICIOPASS1. . . .  C ADDR   -----       EXT
INICIOREAD . . . .  C ADDR   -----       EXT
INICIOWAIT . . . .  C ADDR   -----       EXT
INT0 . . . . . . .  B ADDR   00B0H.2 A   
INT1 . . . . . . .  B ADDR   00B0H.3 A   
IPH0 . . . . . . .  D ADDR   00B7H   A   
IPH1 . . . . . . .  D ADDR   00B3H   A   
IPL0 . . . . . . .  D ADDR   00B8H   A   
IPL1 . . . . . . .  D ADDR   00B2H   A   
IT0. . . . . . . .  B ADDR   0088H.0 A   
IT1. . . . . . . .  B ADDR   0088H.2 A   
KBE. . . . . . . .  D ADDR   009DH   A   
KBF. . . . . . . .  D ADDR   009EH   A   
KBLS . . . . . . .  D ADDR   009CH   A   
LER. . . . . . . .  D ADDR   0030H   A   
MAIN . . . . . . .  C ADDR   0012H   A   
OSCCON . . . . . .  D ADDR   0086H   A   
OV . . . . . . . .  B ADDR   00D0H.2 A   
P. . . . . . . . .  B ADDR   00D0H.0 A   
P0 . . . . . . . .  D ADDR   0080H   A   
P1 . . . . . . . .  D ADDR   0090H   A   
P2 . . . . . . . .  D ADDR   00A0H   A   
P3 . . . . . . . .  D ADDR   00B0H   A   
PCON . . . . . . .  D ADDR   0087H   A   
PI2. . . . . . . .  D ADDR   00C0H   A   
PI2_1. . . . . . .  B ADDR   00C0H.1 A   
PI2_O. . . . . . .  B ADDR   00C0H.0 A   
PPCL . . . . . . .  B ADDR   00B8H.6 A   
PSL. . . . . . . .  B ADDR   00B8H.4 A   
PSW. . . . . . . .  D ADDR   00D0H   A   
PT0L . . . . . . .  B ADDR   00B8H.1 A   
PT1L . . . . . . .  B ADDR   00B8H.3 A   
PT2L . . . . . . .  B ADDR   00B8H.5 A   
PX0L . . . . . . .  B ADDR   00B8H.0 A   
PX1L . . . . . . .  B ADDR   00B8H.2 A   
RB8. . . . . . . .  B ADDR   0098H.2 A   
RCAP2H . . . . . .  D ADDR   00CBH   A   
RCAP2L . . . . . .  D ADDR   00CAH   A   
RCLK . . . . . . .  B ADDR   00C8H.5 A   
RD . . . . . . . .  B ADDR   00B0H.7 A   
REN. . . . . . . .  B ADDR   0098H.4 A   
RI . . . . . . . .  B ADDR   0098H.0 A   
RS0. . . . . . . .  B ADDR   00D0H.3 A   
RS1. . . . . . . .  B ADDR   00D0H.4 A   
RXD. . . . . . . .  B ADDR   00B0H.0 A   
SADDR. . . . . . .  D ADDR   00A9H   A   
SADEN. . . . . . .  D ADDR   00B9H   A   
SBUF . . . . . . .  D ADDR   0099H   A   
SCON . . . . . . .  D ADDR   0098H   A   
SM0. . . . . . . .  B ADDR   0098H.7 A   
SM1. . . . . . . .  B ADDR   0098H.6 A   
SM2. . . . . . . .  B ADDR   0098H.5 A   
SP . . . . . . . .  D ADDR   0081H   A   
SPCON. . . . . . .  D ADDR   00C3H   A   
SPDAT. . . . . . .  D ADDR   00C5H   A   
A51 MACRO ASSEMBLER  MAIN                                                                 12/27/2015 13:14:12 PAGE     5

SPSTA. . . . . . .  D ADDR   00C4H   A   
SSADR. . . . . . .  D ADDR   0096H   A   
SSCON. . . . . . .  D ADDR   0093H   A   
SSCS . . . . . . .  D ADDR   0094H   A   
SSDAT. . . . . . .  D ADDR   0095H   A   
T0 . . . . . . . .  B ADDR   00B0H.4 A   
T1 . . . . . . . .  B ADDR   00B0H.5 A   
T2CON. . . . . . .  D ADDR   00C8H   A   
T2MOD. . . . . . .  D ADDR   00C9H   A   
TB8. . . . . . . .  B ADDR   0098H.3 A   
TCLK . . . . . . .  B ADDR   00C8H.4 A   
TCON . . . . . . .  D ADDR   0088H   A   
TESTE1 . . . . . .  C ADDR   001AH   A   
TF0. . . . . . . .  B ADDR   0088H.5 A   
TF1. . . . . . . .  B ADDR   0088H.7 A   
TF2. . . . . . . .  B ADDR   00C8H.7 A   
TH0. . . . . . . .  D ADDR   008CH   A   
TH1. . . . . . . .  D ADDR   008DH   A   
TH2. . . . . . . .  D ADDR   00CDH   A   
TI . . . . . . . .  B ADDR   0098H.1 A   
TL0. . . . . . . .  D ADDR   008AH   A   
TL1. . . . . . . .  D ADDR   008BH   A   
TL2. . . . . . . .  D ADDR   00CCH   A   
TMOD . . . . . . .  D ADDR   0089H   A   
TR0. . . . . . . .  B ADDR   0088H.4 A   
TR1. . . . . . . .  B ADDR   0088H.6 A   
TR2. . . . . . . .  B ADDR   00C8H.2 A   
TRUE . . . . . . .  C ADDR   0038H   A   
TXD. . . . . . . .  B ADDR   00B0H.1 A   
WDTPRG . . . . . .  D ADDR   00A7H   A   
WDTRST . . . . . .  D ADDR   00A6H   A   
WR . . . . . . . .  B ADDR   00B0H.6 A   


REGISTER BANK(S) USED: 0 


ASSEMBLY COMPLETE.  0 WARNING(S), 0 ERROR(S)
