A51 MACRO ASSEMBLER  WAIT                                                                 12/27/2015 13:14:12 PAGE     1


MACRO ASSEMBLER A51 V8.02c
OBJECT MODULE PLACED IN .\Objects\wait.obj
ASSEMBLER INVOKED BY: C:\Keil_v5\C51\BIN\A51.EXE wait.a51 SET(SMALL) DEBUG PRINT(.\Listings\wait.lst) OBJECT(.\Objects\w
                      ait.obj) EP

LOC  OBJ            LINE     SOURCE

                       1             NAME WAIT
                       2             PUBLIC INICIOWAIT
                       3             WAITCODE SEGMENT CODE 
----                   4             RSEG WAITCODE
                       5                     
0000                   6     INICIOWAIT:
0000 18                7                     DEC R0
0001                   8     CARGA:
0001 758901            9                     MOV TMOD,#01H
0004 7906             10                     MOV R1,#6
0006                  11     LOOP:
0006 758C3C           12                     MOV TH0,#HIGH(-50000)
0009 758AB0           13                     MOV TL0,#LOW(-50000)
000C D28C             14                     SETB TR0
000E                  15     WAIT:
000E 308DFD           16                     JNB TF0,WAIT
0011 C28C             17                     CLR TR0
0013 C28D             18                     CLR TF0
0015 D9EF             19                     DJNZ R1,LOOP
0017 B800E6           20                     CJNE R0,#0,INICIOWAIT
001A                  21     FIM:
001A 22               22                     RET
                      23     END             
A51 MACRO ASSEMBLER  WAIT                                                                 12/27/2015 13:14:12 PAGE     2

SYMBOL TABLE LISTING
------ ----- -------


N A M E             T Y P E  V A L U E   ATTRIBUTES

CARGA. . . . . . .  C ADDR   0001H   R   SEG=WAITCODE
FIM. . . . . . . .  C ADDR   001AH   R   SEG=WAITCODE
INICIOWAIT . . . .  C ADDR   0000H   R   SEG=WAITCODE
LOOP . . . . . . .  C ADDR   0006H   R   SEG=WAITCODE
TF0. . . . . . . .  B ADDR   0088H.5 A   
TH0. . . . . . . .  D ADDR   008CH   A   
TL0. . . . . . . .  D ADDR   008AH   A   
TMOD . . . . . . .  D ADDR   0089H   A   
TR0. . . . . . . .  B ADDR   0088H.4 A   
WAIT . . . . . . .  C ADDR   000EH   R   SEG=WAITCODE
WAITCODE . . . . .  C SEG    001BH       REL=UNIT


REGISTER BANK(S) USED: 0 


ASSEMBLY COMPLETE.  0 WARNING(S), 0 ERROR(S)
